Возвращаем только ключ, не сооздаем std::make_pair
Search time: 148µs

Search time: 49µs

Search time: 148µs

Search time: 148µs

Search time: 148µs

Search time: 121µs

Search time: 120µs

Search time: 148µs

Search time: 120µs

Search time: 148µs

Av: 129
Dev: 31

/////////////////////////////////////////

Возвращаем std::make_pair
Search time: 300µs

Search time: 299µs

Search time: 300µs

Search time: 298µs

Search time: 300µs

Search time: 278µs

Search time: 250µs

Search time: 298µs

Search time: 299µs

Search time: 336µs

Av: 295
Dev: 27
