Возвращаем только ключ, не создаем std::make_pair
Search time: 120µs

Search time: 148µs

Search time: 45µs

Search time: 148µs

Search time: 197µs

Search time: 148µs

Search time: 148µs

Search time: 148µs

Search time: 148µs

Search time: 139µs

Av: 139
Dev: 38

////////////////////////////////

Возвращаем std::make_pair

Search time: 344µs

Search time: 355µs

Search time: 344µs

Search time: 347µs

Search time: 358µs

Search time: 348µs

Search time: 347µs

Search time: 348µs

Search time: 353µs

Search time: 410µs

Av: 355
Dev: 20
