Array size 8
Result time: 61234µs

Result time: 63697µs

Result time: 60300µs

Result time: 62887µs

Result time: 58965µs

Result time: 59211µs

Result time: 58998µs

Result time: 60145µs

Result time: 58413µs

Result time: 62072µs

Av: 60337
Dev: 1724

////////////////////////////////////////
Array size: 64

Result time: 15509µs

Result time: 15820µs

Result time: 14678µs

Result time: 14493µs

Result time: 15060µs

Result time: 16347µs

Result time: 17418µs

Result time: 16281µs

Result time: 16261µs

Result time: 16302µs

Av: 15880
Dev: 929

////////////////////////////////////
Array size: 128

Result time: 11182µs

Result time: 12190µs

Result time: 11240µs

Result time: 12004µs

Result time: 12074µs

Result time: 11421µs

Result time: 12339µs

Result time: 12077µs

Result time: 12586µs

Result time: 11665µs

Av: 11878
Dev: 477

///////////////////////////////

Array size: 256

Result time: 13046µs

Result time: 11103µs

Result time: 12167µs

Result time: 11545µs

Result time: 15128µs

Result time: 11244µs

Result time: 10870µs

Result time: 12829µs

Result time: 10808µs

Result time: 9224µs

Result time: 12768µs

Av: 11884
Dev: 1549
///////////////////////////

Array size: 512

Result time: 14141µs

Result time: 13505µs

Result time: 14204µs

Result time: 16983µs

Result time: 15735µs

Result time: 15423µs

Result time: 17898µs

Result time: 15574µs

Result time: 15373µs

Result time: 14703µs

Av: 15354
Dev: 1331
/////////////////////////////
Array size: 1024

Result time: 21870µs

Result time: 21317µs

Result time: 16619µs

Result time: 22014µs

Result time: 22116µs

Result time: 20541µs

Result time: 20285µs

Result time: 19744µs

Result time: 21970µs

Result time: 19241µs

Av: 20703
Dev: 1694
